******************************************************************************
                  TI ARM Linker PC v18.1.1                     
******************************************************************************
>> Linked Wed Jul  3 17:56:46 2019

OUTPUT FILE NAME:   <FreeRTOS_Tiva.out>
ENTRY POINT SYMBOL: "_c_int00_noargs"  address: 00002a45


MEMORY CONFIGURATION

         name            origin    length      used     unused   attr    fill
----------------------  --------  ---------  --------  --------  ----  --------
  FLASH                 00000000   00040000  00002d12  0003d2ee  R  X
  SRAM                  20000000   00008000  00005140  00002ec0  RW X


SEGMENT ALLOCATION MAP

run origin  load origin   length   init length attrs members
----------  ----------- ---------- ----------- ----- -------
00000000    00000000    00002d18   00002d18    r-x
  00000000    00000000    0000026c   0000026c    r-- .intvecs
  0000026c    0000026c    000028d2   000028d2    r-x .text
  00002b40    00002b40    00000194   00000194    r-- .const
  00002cd8    00002cd8    00000040   00000040    r-- .cinit
20000000    20000000    00005140   00000000    rw-
  20000000    20000000    00004ef0   00000000    rw- .bss
  20004ef0    20004ef0    00000200   00000000    rw- .stack
  200050f0    200050f0    00000050   00000000    rw- .data


SECTION ALLOCATION MAP

 output                                  attributes/
section   page    origin      length       input sections
--------  ----  ----------  ----------   ----------------
.intvecs   0    00000000    0000026c     
                  00000000    0000026c     tm4c123bh6pm_startup_ccs.obj (.intvecs)

.text      0    0000026c    000028d2     
                  0000026c    00001b1c     tasks.obj (.text)
                  00001d88    000001c4     port.obj (.text)
                  00001f4c    00000132     driverlib.lib : gpio.obj (.text:GPIOPadConfigSet)
                  0000207e    00000132     list.obj (.text)
                  000021b0    00000110     driverlib.lib : sysctl.obj (.text:SysCtlClockGet)
                  000022c0    000000f4                   : sysctl.obj (.text:SysCtlClockSet)
                  000023b4    000000da     portasm.obj (.text)
                  0000248e    00000002     --HOLE-- [fill = 0]
                  00002490    000000c8     main.obj (.text)
                  00002558    000000a4     CAN.obj (.text)
                  000025fc    0000009c     heap_1.obj (.text)
                  00002698    0000009c     rtsv7M4_T_le_v4SPD16_eabi.lib : memcpy_t2.asm.obj (.text)
                  00002734    0000007a                                   : memset_t2.asm.obj (.text)
                  000027ae    00000002     --HOLE-- [fill = 0]
                  000027b0    0000006c     driverlib.lib : can.obj (.text:CANBitRateSet)
                  0000281c    00000068                   : interrupt.obj (.text:IntEnable)
                  00002884    00000068     rtsv7M4_T_le_v4SPD16_eabi.lib : copy_decompress_lzss.c.obj (.text:decompress:lzss:__TI_decompress_lzss)
                  000028ec    00000058     GPIO.obj (.text)
                  00002944    00000048     driverlib.lib : gpio.obj (.text:GPIOPinConfigure)
                  0000298c    00000044     rtsv7M4_T_le_v4SPD16_eabi.lib : autoinit.c.obj (.text:__TI_auto_init_nobinit_nopinit:__TI_auto_init_nobinit_nopinit)
                  000029d0    0000003a     driverlib.lib : can.obj (.text:CANInit)
                  00002a0a    00000002     --HOLE-- [fill = 0]
                  00002a0c    00000038                   : sysctl.obj (.text:SysCtlPeripheralReady)
                  00002a44    00000038     rtsv7M4_T_le_v4SPD16_eabi.lib : boot_cortex_m.c.obj (.text:_c_int00_noargs:_c_int00_noargs)
                  00002a7c    00000034     driverlib.lib : sysctl.obj (.text:SysCtlPeripheralEnable)
                  00002ab0    0000002a                   : gpio.obj (.text:GPIODirModeSet)
                  00002ada    00000018                   : gpio.obj (.text:GPIOPinTypeGPIOOutput)
                  00002af2    0000000e     rtsv7M4_T_le_v4SPD16_eabi.lib : copy_decompress_none.c.obj (.text:decompress:none:__TI_decompress_none)
                  00002b00    0000000c                                   : copy_zero_init.c.obj (.text:decompress:ZI:__TI_zero_init)
                  00002b0c    0000000c     tm4c123bh6pm_startup_ccs.obj (.text)
                  00002b18    0000000a     driverlib.lib : can.obj (.text:CANEnable)
                  00002b22    00000008                   : can.obj (.text:CANIntEnable)
                  00002b2a    00000006                   : gpio.obj (.text:GPIOPinWrite)
                  00002b30    00000006                   : sysctl.obj (.text:SysCtlDelay)
                  00002b36    00000004     rtsv7M4_T_le_v4SPD16_eabi.lib : pre_init.c.obj (.text:_system_pre_init)
                  00002b3a    00000004                                   : exit.c.obj (.text:abort:abort)

.const     0    00002b40    00000194     
                  00002b40    00000090     driverlib.lib : gpio.obj (.const:g_pui32GPIOBaseAddrs)
                  00002bd0    00000070                   : interrupt.obj (.const)
                  00002c40    0000006c                   : sysctl.obj (.const:g_pui32Xtals)
                  00002cac    00000020                   : can.obj (.const)
                  00002ccc    00000008     port.obj (.const)

.cinit     0    00002cd8    00000040     
                  00002cd8    00000018     (.cinit..data.load) [load image, compression = lzss]
                  00002cf0    0000000c     (__TI_handler_table)
                  00002cfc    00000004     --HOLE-- [fill = 0]
                  00002d00    00000008     (.cinit..bss.load) [load image, compression = zero_init]
                  00002d08    00000010     (__TI_cinit_table)

.init_array 
*          0    00000000    00000000     UNINITIALIZED

.bss       0    20000000    00004ef0     UNINITIALIZED
                  20000000    00004e20     heap_1.obj (.bss:ucHeap)
                  20004e20    00000064     tasks.obj (.bss:pxReadyTasksLists)
                  20004e84    00000014     tasks.obj (.bss:xDelayedTaskList1)
                  20004e98    00000014     tasks.obj (.bss:xDelayedTaskList2)
                  20004eac    00000014     tasks.obj (.bss:xPendingReadyList)
                  20004ec0    00000014     tasks.obj (.bss:xSuspendedTaskList)
                  20004ed4    00000014     tasks.obj (.bss:xTasksWaitingTermination)
                  20004ee8    00000008     tasks.obj (.bss)

.data      0    200050f0    00000050     UNINITIALIZED
                  200050f0    00000034     tasks.obj (.data)
                  20005124    0000000c     port.obj (.data)
                  20005130    00000008     heap_1.obj (.data)
                  20005138    00000004     CAN.obj (.data)
                  2000513c    00000004     GPIO.obj (.data)

.stack     0    20004ef0    00000200     UNINITIALIZED
                  20004ef0    00000004     rtsv7M4_T_le_v4SPD16_eabi.lib : boot_cortex_m.c.obj (.stack)
                  20004ef4    000001fc     --HOLE--

MODULE SUMMARY

       Module                         code    ro data   rw data
       ------                         ----    -------   -------
    .\
       main.obj                       200     0         0      
    +--+------------------------------+-------+---------+---------+
       Total:                         200     0         0      
                                                               
    .\CAN\
       CAN.obj                        164     0         4      
    +--+------------------------------+-------+---------+---------+
       Total:                         164     0         4      
                                                               
    .\FreeRTOS_Files\
       heap_1.obj                     156     0         20008  
       tasks.obj                      6940    0         260    
       tm4c123bh6pm_startup_ccs.obj   12      620       0      
       port.obj                       452     8         12     
       list.obj                       306     0         0      
       portasm.obj                    218     0         0      
    +--+------------------------------+-------+---------+---------+
       Total:                         8084    628       20280  
                                                               
    .\GPIO\
       GPIO.obj                       88      0         4      
    +--+------------------------------+-------+---------+---------+
       Total:                         88      0         4      
                                                               
    C:/ti/TivaWare_C_Series-2.1.4.178/driverlib/ccs/Debug/driverlib.lib
       sysctl.obj                     630     108       0      
       gpio.obj                       450     144       0      
       can.obj                        184     32        0      
       interrupt.obj                  104     112       0      
    +--+------------------------------+-------+---------+---------+
       Total:                         1368    396       0      
                                                               
    C:\ti\ccsv8\tools\compiler\ti-cgt-arm_18.1.1.LTS\lib\rtsv7M4_T_le_v4SPD16_eabi.lib
       memcpy_t2.asm.obj              156     0         0      
       memset_t2.asm.obj              122     0         0      
       copy_decompress_lzss.c.obj     104     0         0      
       autoinit.c.obj                 68      0         0      
       boot_cortex_m.c.obj            56      0         0      
       copy_decompress_none.c.obj     14      0         0      
       copy_zero_init.c.obj           12      0         0      
       exit.c.obj                     4       0         0      
       pre_init.c.obj                 4       0         0      
    +--+------------------------------+-------+---------+---------+
       Total:                         540     0         0      
                                                               
       Stack:                         0       0         512    
       Linker Generated:              0       60        0      
    +--+------------------------------+-------+---------+---------+
       Grand Total:                   10444   1084      20800  


LINKER GENERATED COPY TABLES

__TI_cinit_table @ 00002d08 records: 2, size/record: 8, table size: 16
	.data: load addr=00002cd8, load size=00000018 bytes, run addr=200050f0, run size=00000050 bytes, compression=lzss
	.bss: load addr=00002d00, load size=00000008 bytes, run addr=20000000, run size=00004ef0 bytes, compression=zero_init


LINKER GENERATED HANDLER TABLE

__TI_handler_table @ 00002cf0 records: 3, size/record: 4, table size: 12
	index: 0, handler: __TI_decompress_lzss
	index: 1, handler: __TI_decompress_none
	index: 2, handler: __TI_zero_init


GLOBAL SYMBOLS: SORTED ALPHABETICALLY BY Name 

address   name                               
-------   ----                               
00002b3b  C$$EXIT                            
000025d7  CAN0_Recive                        
000025d5  CAN0_Send                          
000027b1  CANBitRateSet                      
00002b19  CANEnable                          
000029d1  CANInit                            
00002b23  CANIntEnable                       
00002ab1  GPIODirModeSet                     
00001f4d  GPIOPadConfigSet                   
00002945  GPIOPinConfigure                   
00002adb  GPIOPinTypeGPIOOutput              
00002b2b  GPIOPinWrite                       
0000281d  IntEnable                          
UNDEFED   PIOPinTypeCAN                      
00002b0d  ResetISR                           
000021b1  SysCtlClockGet                     
000022c1  SysCtlClockSet                     
00002b31  SysCtlDelay                        
00002a7d  SysCtlPeripheralEnable             
00002a0d  SysCtlPeripheralReady              
200050f0  __STACK_END                        
00000200  __STACK_SIZE                       
200050f0  __STACK_TOP                        
00002d08  __TI_CINIT_Base                    
00002d18  __TI_CINIT_Limit                   
00002cf0  __TI_Handler_Table_Base            
00002cfc  __TI_Handler_Table_Limit           
0000298d  __TI_auto_init_nobinit_nopinit     
00002885  __TI_decompress_lzss               
00002af3  __TI_decompress_none               
ffffffff  __TI_pprof_out_hndl                
ffffffff  __TI_prof_data_size                
ffffffff  __TI_prof_data_start               
00000000  __TI_static_base__                 
00002b01  __TI_zero_init                     
00002735  __aeabi_memclr                     
00002735  __aeabi_memclr4                    
00002735  __aeabi_memclr8                    
00002699  __aeabi_memcpy                     
00002699  __aeabi_memcpy4                    
00002699  __aeabi_memcpy8                    
00002737  __aeabi_memset                     
00002737  __aeabi_memset4                    
00002737  __aeabi_memset8                    
ffffffff  __binit__                          
ffffffff  __c_args__                         
UNDEFED   __mpu_init                         
20004ef0  __stack                            
00002a45  _c_int00_noargs                    
UNDEFED   _system_post_cinit                 
00002b37  _system_pre_init                   
00002b3b  abort                              
ffffffff  binit                              
00000605  eTaskGetState                      
00000000  g_pfnVectors                       
2000513c  handler_init_GPIO                  
20005138  handler_init_System                
00002915  init_GPIO                          
00002491  main                               
00002699  memcpy                             
0000273d  memset                             
00000c0b  pcTaskGetName                      
000025fd  pvPortMalloc                       
00001879  pvTaskIncrementMutexHeldCount      
200050f0  pxCurrentTCB                       
00001d89  pxPortInitialiseStack              
00002559  system_Init                        
000028ed  toggle_LED_one                     
00002ccc  ulMaxSyscallInterruptPriority      
000023c5  ulPortGetIPSR                      
00001899  ulTaskNotifyTake                   
00002169  uxListRemove                       
00000c05  uxTaskGetNumberOfTasks             
0000157d  uxTaskGetStackHighWaterMark        
00000d9d  uxTaskGetSystemState               
000012e7  uxTaskGetTaskNumber                
000006b1  uxTaskPriorityGet                  
000006e1  uxTaskPriorityGetFromISR           
0000184d  uxTaskResetEventItemValue          
0000207f  vListInitialise                    
000020af  vListInitialiseItem                
000020fb  vListInsert                        
000020bf  vListInsertEnd                     
00002481  vPortEnableVFP                     
00001e87  vPortEndScheduler                  
00001e89  vPortEnterCritical                 
00001ea9  vPortExitCritical                  
0000266d  vPortFree                          
00002677  vPortInitialiseBlocks              
0000243d  vPortSVCHandler                    
00001ee5  vPortSetupTimerInterrupt           
0000245d  vPortStartFirstTask                
00001f01  vPortValidateInterruptPriority     
000005c1  vTaskDelay                         
00000513  vTaskDelayUntil                    
00000483  vTaskDelete                        
00000a9f  vTaskEndScheduler                  
000013e9  vTaskGetInfo                       
00001219  vTaskInternalSetTimeOutState       
000012df  vTaskMissedYield                   
00001bcd  vTaskNotifyGiveFromISR             
000010a3  vTaskPlaceOnEventList              
000010c3  vTaskPlaceOnUnorderedEventList     
00001795  vTaskPriorityDisinheritAfterTimeout
00000731  vTaskPrioritySet                   
00001189  vTaskRemoveFromUnorderedEventList  
00000939  vTaskResume                        
00001307  vTaskSetTaskNumber                 
000011f1  vTaskSetTimeOutState               
00000a55  vTaskStartScheduler                
00000845  vTaskSuspend                       
00000abb  vTaskSuspendAll                    
0000101d  vTaskSwitchContext                 
0000267f  xPortGetFreeHeapSize               
000023dd  xPortPendSVHandler                 
00001df3  xPortStartScheduler                
00001ebf  xPortSysTickHandler                
00000e7d  xTaskAbortDelay                    
00001239  xTaskCheckForTimeOut               
0000026d  xTaskCreate                        
000019cb  xTaskGenericNotify                 
00001abd  xTaskGenericNotifyFromISR          
000015f5  xTaskGetCurrentTaskHandle          
00000d11  xTaskGetHandle                     
00000e6f  xTaskGetIdleTaskHandle             
00001621  xTaskGetSchedulerState             
00000bb9  xTaskGetTickCount                  
00000bd1  xTaskGetTickCountFromISR           
00000f09  xTaskIncrementTick                 
00001c81  xTaskNotifyStateClear              
00001921  xTaskNotifyWait                    
0000170f  xTaskPriorityDisinherit            
00001651  xTaskPriorityInherit               
000010f9  xTaskRemoveFromEventList           
00000ad1  xTaskResumeAll                     
000009b7  xTaskResumeFromISR                 


GLOBAL SYMBOLS: SORTED BY Symbol Address 

address   name                               
-------   ----                               
00000000  __TI_static_base__                 
00000000  g_pfnVectors                       
00000200  __STACK_SIZE                       
0000026d  xTaskCreate                        
00000483  vTaskDelete                        
00000513  vTaskDelayUntil                    
000005c1  vTaskDelay                         
00000605  eTaskGetState                      
000006b1  uxTaskPriorityGet                  
000006e1  uxTaskPriorityGetFromISR           
00000731  vTaskPrioritySet                   
00000845  vTaskSuspend                       
00000939  vTaskResume                        
000009b7  xTaskResumeFromISR                 
00000a55  vTaskStartScheduler                
00000a9f  vTaskEndScheduler                  
00000abb  vTaskSuspendAll                    
00000ad1  xTaskResumeAll                     
00000bb9  xTaskGetTickCount                  
00000bd1  xTaskGetTickCountFromISR           
00000c05  uxTaskGetNumberOfTasks             
00000c0b  pcTaskGetName                      
00000d11  xTaskGetHandle                     
00000d9d  uxTaskGetSystemState               
00000e6f  xTaskGetIdleTaskHandle             
00000e7d  xTaskAbortDelay                    
00000f09  xTaskIncrementTick                 
0000101d  vTaskSwitchContext                 
000010a3  vTaskPlaceOnEventList              
000010c3  vTaskPlaceOnUnorderedEventList     
000010f9  xTaskRemoveFromEventList           
00001189  vTaskRemoveFromUnorderedEventList  
000011f1  vTaskSetTimeOutState               
00001219  vTaskInternalSetTimeOutState       
00001239  xTaskCheckForTimeOut               
000012df  vTaskMissedYield                   
000012e7  uxTaskGetTaskNumber                
00001307  vTaskSetTaskNumber                 
000013e9  vTaskGetInfo                       
0000157d  uxTaskGetStackHighWaterMark        
000015f5  xTaskGetCurrentTaskHandle          
00001621  xTaskGetSchedulerState             
00001651  xTaskPriorityInherit               
0000170f  xTaskPriorityDisinherit            
00001795  vTaskPriorityDisinheritAfterTimeout
0000184d  uxTaskResetEventItemValue          
00001879  pvTaskIncrementMutexHeldCount      
00001899  ulTaskNotifyTake                   
00001921  xTaskNotifyWait                    
000019cb  xTaskGenericNotify                 
00001abd  xTaskGenericNotifyFromISR          
00001bcd  vTaskNotifyGiveFromISR             
00001c81  xTaskNotifyStateClear              
00001d89  pxPortInitialiseStack              
00001df3  xPortStartScheduler                
00001e87  vPortEndScheduler                  
00001e89  vPortEnterCritical                 
00001ea9  vPortExitCritical                  
00001ebf  xPortSysTickHandler                
00001ee5  vPortSetupTimerInterrupt           
00001f01  vPortValidateInterruptPriority     
00001f4d  GPIOPadConfigSet                   
0000207f  vListInitialise                    
000020af  vListInitialiseItem                
000020bf  vListInsertEnd                     
000020fb  vListInsert                        
00002169  uxListRemove                       
000021b1  SysCtlClockGet                     
000022c1  SysCtlClockSet                     
000023c5  ulPortGetIPSR                      
000023dd  xPortPendSVHandler                 
0000243d  vPortSVCHandler                    
0000245d  vPortStartFirstTask                
00002481  vPortEnableVFP                     
00002491  main                               
00002559  system_Init                        
000025d5  CAN0_Send                          
000025d7  CAN0_Recive                        
000025fd  pvPortMalloc                       
0000266d  vPortFree                          
00002677  vPortInitialiseBlocks              
0000267f  xPortGetFreeHeapSize               
00002699  __aeabi_memcpy                     
00002699  __aeabi_memcpy4                    
00002699  __aeabi_memcpy8                    
00002699  memcpy                             
00002735  __aeabi_memclr                     
00002735  __aeabi_memclr4                    
00002735  __aeabi_memclr8                    
00002737  __aeabi_memset                     
00002737  __aeabi_memset4                    
00002737  __aeabi_memset8                    
0000273d  memset                             
000027b1  CANBitRateSet                      
0000281d  IntEnable                          
00002885  __TI_decompress_lzss               
000028ed  toggle_LED_one                     
00002915  init_GPIO                          
00002945  GPIOPinConfigure                   
0000298d  __TI_auto_init_nobinit_nopinit     
000029d1  CANInit                            
00002a0d  SysCtlPeripheralReady              
00002a45  _c_int00_noargs                    
00002a7d  SysCtlPeripheralEnable             
00002ab1  GPIODirModeSet                     
00002adb  GPIOPinTypeGPIOOutput              
00002af3  __TI_decompress_none               
00002b01  __TI_zero_init                     
00002b0d  ResetISR                           
00002b19  CANEnable                          
00002b23  CANIntEnable                       
00002b2b  GPIOPinWrite                       
00002b31  SysCtlDelay                        
00002b37  _system_pre_init                   
00002b3b  C$$EXIT                            
00002b3b  abort                              
00002ccc  ulMaxSyscallInterruptPriority      
00002cf0  __TI_Handler_Table_Base            
00002cfc  __TI_Handler_Table_Limit           
00002d08  __TI_CINIT_Base                    
00002d18  __TI_CINIT_Limit                   
20004ef0  __stack                            
200050f0  __STACK_END                        
200050f0  __STACK_TOP                        
200050f0  pxCurrentTCB                       
20005138  handler_init_System                
2000513c  handler_init_GPIO                  
ffffffff  __TI_pprof_out_hndl                
ffffffff  __TI_prof_data_size                
ffffffff  __TI_prof_data_start               
ffffffff  __binit__                          
ffffffff  __c_args__                         
ffffffff  binit                              
UNDEFED   PIOPinTypeCAN                      
UNDEFED   __mpu_init                         
UNDEFED   _system_post_cinit                 

[136 symbols]
